<?xml version="1.0" encoding="utf-8"?><testsuites><testsuite name="pytest" errors="0" failures="0" skipped="0" tests="7" time="15.804" timestamp="2025-08-15T15:04:48.689132+02:00" hostname="ExypnosTUF"><testcase classname="tests.integration.test_uc_06_07" name="test_it16_enter_chatbot_unauthenticated" time="0.281" /><testcase classname="tests.integration.test_uc_06_07" name="test_it17_enter_chatbot_professional" time="0.420" /><testcase classname="tests.integration.test_uc_06_07" name="test_it18_detect_normal_intent" time="2.591" /><testcase classname="tests.integration.test_uc_06_07" name="test_it19_detect_distress_intent" time="0.647" /><testcase classname="tests.integration.test_uc_06_07" name="test_it20_complete_assessment" time="10.433" /><testcase classname="tests.integration.test_uc_06_07" name="test_it21_no_assessment_available" time="0.656" /><testcase classname="tests.integration.test_uc_06_07" name="test_it22_ai_error_response" time="0.644" /></testsuite></testsuites>